[0.000000] (-) TimerEvent: {}
[0.000270] (dynamixel_hardware_msgs) JobQueued: {'identifier': 'dynamixel_hardware_msgs', 'dependencies': OrderedDict()}
[0.000330] (gamecontroller) JobQueued: {'identifier': 'gamecontroller', 'dependencies': OrderedDict()}
[0.000364] (humanoid_interfaces) JobQueued: {'identifier': 'humanoid_interfaces', 'dependencies': OrderedDict()}
[0.000389] (insta360_usb_cam) JobQueued: {'identifier': 'insta360_usb_cam', 'dependencies': OrderedDict()}
[0.000414] (tune_walk) JobQueued: {'identifier': 'tune_walk', 'dependencies': OrderedDict()}
[0.000437] (dynamixel_hardware_interface) JobQueued: {'identifier': 'dynamixel_hardware_interface', 'dependencies': OrderedDict({'dynamixel_hardware_msgs': '/home/choiyuns/21th_robit_intern_middle_project/colcon_ws/colcon_ws/install/dynamixel_hardware_msgs'})}
[0.000469] (ebimu) JobQueued: {'identifier': 'ebimu', 'dependencies': OrderedDict({'humanoid_interfaces': '/home/choiyuns/21th_robit_intern_middle_project/colcon_ws/colcon_ws/install/humanoid_interfaces'})}
[0.000498] (ik_walk) JobQueued: {'identifier': 'ik_walk', 'dependencies': OrderedDict({'dynamixel_hardware_msgs': '/home/choiyuns/21th_robit_intern_middle_project/colcon_ws/colcon_ws/install/dynamixel_hardware_msgs'})}
[0.000523] (dynamixel_hardware_msgs) JobStarted: {'identifier': 'dynamixel_hardware_msgs'}
[0.016916] (humanoid_interfaces) JobStarted: {'identifier': 'humanoid_interfaces'}
[0.030878] (gamecontroller) JobStarted: {'identifier': 'gamecontroller'}
[0.045748] (insta360_usb_cam) JobStarted: {'identifier': 'insta360_usb_cam'}
[0.059342] (tune_walk) JobStarted: {'identifier': 'tune_walk'}
[0.076554] (dynamixel_hardware_msgs) JobProgress: {'identifier': 'dynamixel_hardware_msgs', 'progress': 'cmake'}
[0.078409] (dynamixel_hardware_msgs) StderrLine: {'line': b'Traceback (most recent call last):\n  File "/usr/lib/python3/dist-packages/colcon_core/executor/__init__.py", line 91, in __call__\n    rc = await self.task(*args, **kwargs)\n         ^^^^^^^^^^^^^^^^^^^^^^^^^^^^^^^^\n  File "/usr/lib/python3/dist-packages/colcon_core/task/__init__.py", line 93, in __call__\n    return await task_method(*args, **kwargs)\n           ^^^^^^^^^^^^^^^^^^^^^^^^^^^^^^^^^^\n  File "/usr/lib/python3/dist-packages/colcon_ros/task/ament_cmake/build.py", line 59, in build\n    rc = await extension.build(\n         ^^^^^^^^^^^^^^^^^^^^^^\n  File "/usr/lib/python3/dist-packages/colcon_cmake/task/cmake/build.py", line 87, in build\n    rc = await self._reconfigure(args, env)\n         ^^^^^^^^^^^^^^^^^^^^^^^^^^^^^^^^^^\n  File "/usr/lib/python3/dist-packages/colcon_cmake/task/cmake/build.py", line 173, in _reconfigure\n    raise RuntimeError("Could not find \'cmake\' executable")\nRuntimeError: Could not find \'cmake\' executable\n'}
[0.081136] (dynamixel_hardware_msgs) JobEnded: {'identifier': 'dynamixel_hardware_msgs', 'rc': 1}
[0.082473] (humanoid_interfaces) JobProgress: {'identifier': 'humanoid_interfaces', 'progress': 'cmake'}
[0.082511] (humanoid_interfaces) StderrLine: {'line': b'Traceback (most recent call last):\n  File "/usr/lib/python3/dist-packages/colcon_core/executor/__init__.py", line 91, in __call__\n    rc = await self.task(*args, **kwargs)\n         ^^^^^^^^^^^^^^^^^^^^^^^^^^^^^^^^\n  File "/usr/lib/python3/dist-packages/colcon_core/task/__init__.py", line 93, in __call__\n    return await task_method(*args, **kwargs)\n           ^^^^^^^^^^^^^^^^^^^^^^^^^^^^^^^^^^\n  File "/usr/lib/python3/dist-packages/colcon_ros/task/ament_cmake/build.py", line 59, in build\n    rc = await extension.build(\n         ^^^^^^^^^^^^^^^^^^^^^^\n  File "/usr/lib/python3/dist-packages/colcon_cmake/task/cmake/build.py", line 87, in build\n    rc = await self._reconfigure(args, env)\n         ^^^^^^^^^^^^^^^^^^^^^^^^^^^^^^^^^^\n  File "/usr/lib/python3/dist-packages/colcon_cmake/task/cmake/build.py", line 173, in _reconfigure\n    raise RuntimeError("Could not find \'cmake\' executable")\nRuntimeError: Could not find \'cmake\' executable\n'}
[0.084031] (humanoid_interfaces) JobEnded: {'identifier': 'humanoid_interfaces', 'rc': 1}
[0.084623] (gamecontroller) JobProgress: {'identifier': 'gamecontroller', 'progress': 'cmake'}
[0.084651] (gamecontroller) StderrLine: {'line': b'Traceback (most recent call last):\n  File "/usr/lib/python3/dist-packages/colcon_core/executor/__init__.py", line 91, in __call__\n    rc = await self.task(*args, **kwargs)\n         ^^^^^^^^^^^^^^^^^^^^^^^^^^^^^^^^\n  File "/usr/lib/python3/dist-packages/colcon_core/task/__init__.py", line 93, in __call__\n    return await task_method(*args, **kwargs)\n           ^^^^^^^^^^^^^^^^^^^^^^^^^^^^^^^^^^\n  File "/usr/lib/python3/dist-packages/colcon_ros/task/ament_cmake/build.py", line 59, in build\n    rc = await extension.build(\n         ^^^^^^^^^^^^^^^^^^^^^^\n  File "/usr/lib/python3/dist-packages/colcon_cmake/task/cmake/build.py", line 87, in build\n    rc = await self._reconfigure(args, env)\n         ^^^^^^^^^^^^^^^^^^^^^^^^^^^^^^^^^^\n  File "/usr/lib/python3/dist-packages/colcon_cmake/task/cmake/build.py", line 173, in _reconfigure\n    raise RuntimeError("Could not find \'cmake\' executable")\nRuntimeError: Could not find \'cmake\' executable\n'}
[0.085038] (gamecontroller) JobEnded: {'identifier': 'gamecontroller', 'rc': 1}
[0.085355] (insta360_usb_cam) JobProgress: {'identifier': 'insta360_usb_cam', 'progress': 'cmake'}
[0.085388] (insta360_usb_cam) StderrLine: {'line': b'Traceback (most recent call last):\n  File "/usr/lib/python3/dist-packages/colcon_core/executor/__init__.py", line 91, in __call__\n    rc = await self.task(*args, **kwargs)\n         ^^^^^^^^^^^^^^^^^^^^^^^^^^^^^^^^\n  File "/usr/lib/python3/dist-packages/colcon_core/task/__init__.py", line 93, in __call__\n    return await task_method(*args, **kwargs)\n           ^^^^^^^^^^^^^^^^^^^^^^^^^^^^^^^^^^\n  File "/usr/lib/python3/dist-packages/colcon_ros/task/ament_cmake/build.py", line 59, in build\n    rc = await extension.build(\n         ^^^^^^^^^^^^^^^^^^^^^^\n  File "/usr/lib/python3/dist-packages/colcon_cmake/task/cmake/build.py", line 87, in build\n    rc = await self._reconfigure(args, env)\n         ^^^^^^^^^^^^^^^^^^^^^^^^^^^^^^^^^^\n  File "/usr/lib/python3/dist-packages/colcon_cmake/task/cmake/build.py", line 173, in _reconfigure\n    raise RuntimeError("Could not find \'cmake\' executable")\nRuntimeError: Could not find \'cmake\' executable\n'}
[0.085809] (insta360_usb_cam) JobEnded: {'identifier': 'insta360_usb_cam', 'rc': 1}
[0.086186] (tune_walk) JobEnded: {'identifier': 'tune_walk', 'rc': 'SIGINT'}
[0.095177] (dynamixel_hardware_interface) JobSkipped: {'identifier': 'dynamixel_hardware_interface'}
[0.095241] (ebimu) JobSkipped: {'identifier': 'ebimu'}
[0.095261] (ik_walk) JobSkipped: {'identifier': 'ik_walk'}
[0.095277] (-) EventReactorShutdown: {}
